// Jest Snapshot v1, https://goo.gl/fbAQLP

exports[`Test App renders learn react link 1`] = `
<input
  placeholder="Input value..."
  type="text"
/>
`;

exports[`renders learn react link 1`] = `
<input
  placeholder="Input value..."
  type="text"
/>
`;
